// Jest Snapshot v1, https://goo.gl/fbAQLP

exports[`renders with 1 level of tags 1`] = `
<a
  className="MuiButtonBase-root-32 MuiButton-root-6 MuiButton-text-8 MuiButton-flat-11 MuiButton-colorInherit-27 SkNavigationItemDesktop-primaryNavItem-5"
  href="/tag/undefined"
  onBlur={[Function]}
  onClick={[Function]}
  onFocus={[Function]}
  onKeyDown={[Function]}
  onKeyUp={[Function]}
  onMouseDown={[Function]}
  onMouseLeave={[Function]}
  onMouseUp={[Function]}
  onTouchEnd={[Function]}
  onTouchMove={[Function]}
  onTouchStart={[Function]}
  role="button"
  tabIndex="0"
>
  <span
    className="MuiButton-label-7"
  />
</a>
`;

exports[`renders with 2 levels of tags 1`] = `
<a
  className="MuiButtonBase-root-32 MuiButton-root-6 MuiButton-text-8 MuiButton-flat-11 MuiButton-colorInherit-27 SkNavigationItemDesktop-primaryNavItem-5"
  href="/tag/undefined"
  onBlur={[Function]}
  onClick={[Function]}
  onFocus={[Function]}
  onKeyDown={[Function]}
  onKeyUp={[Function]}
  onMouseDown={[Function]}
  onMouseLeave={[Function]}
  onMouseUp={[Function]}
  onTouchEnd={[Function]}
  onTouchMove={[Function]}
  onTouchStart={[Function]}
  role="button"
  tabIndex="0"
>
  <span
    className="MuiButton-label-7"
  />
</a>
`;

exports[`renders with 3 levels of tags 1`] = `
<a
  className="MuiButtonBase-root-32 MuiButton-root-6 MuiButton-text-8 MuiButton-flat-11 MuiButton-colorInherit-27 SkNavigationItemDesktop-primaryNavItem-5"
  href="/tag/undefined"
  onBlur={[Function]}
  onClick={[Function]}
  onFocus={[Function]}
  onKeyDown={[Function]}
  onKeyUp={[Function]}
  onMouseDown={[Function]}
  onMouseLeave={[Function]}
  onMouseUp={[Function]}
  onTouchEnd={[Function]}
  onTouchMove={[Function]}
  onTouchStart={[Function]}
  role="button"
  tabIndex="0"
>
  <span
    className="MuiButton-label-7"
  />
</a>
`;
