// Jest Snapshot v1, https://goo.gl/fbAQLP

exports[`basic snapshot 1`] = `null`;
