// Jest Snapshot v1, https://goo.gl/fbAQLP

exports[`Empty product grid message 1`] = `
Array [
  <div
    className="MuiGrid-container-2 MuiGrid-spacing-xs-8-24 SkProductGrid-filters-1"
  >
    <div
      className="MuiGrid-item-3"
    >
      <div
        className="MuiInputBase-root-124 MuiInput-root-111 SkSelect-input-103"
        onClick={[Function]}
      >
        <div
          className="MuiSelect-root-104"
        >
          <div
            aria-haspopup="true"
            aria-pressed="false"
            className="MuiSelect-select-105 MuiSelect-selectMenu-108 SkSelect-selectMenu-101 MuiInputBase-input-134 MuiInput-input-119"
            id="select-pageSize"
            onBlur={[Function]}
            onClick={[Function]}
            onFocus={[Function]}
            onKeyDown={[Function]}
            role="button"
            tabIndex={0}
          >
            20 Products
          </div>
          <input
            id="page-size"
            name="pageSize"
            type="hidden"
            value={20}
          />
          <svg
            aria-hidden="true"
            className="MuiSvgIcon-root-141 MuiSelect-icon-110"
            focusable="false"
            role="presentation"
            viewBox="0 0 24 24"
          >
            <path
              d="M7 10l5 5 5-5z"
            />
          </svg>
        </div>
      </div>
    </div>
    <div
      className="MuiGrid-item-3"
    >
      <div
        className="MuiInputBase-root-124 MuiInput-root-111 SkSelect-input-103"
        onClick={[Function]}
      >
        <div
          className="MuiSelect-root-104"
        >
          <div
            aria-haspopup="true"
            aria-pressed="false"
            className="MuiSelect-select-105 MuiSelect-selectMenu-108 SkSelect-selectMenu-101 MuiInputBase-input-134 MuiInput-input-119"
            id="select-sortBy"
            onBlur={[Function]}
            onClick={[Function]}
            onFocus={[Function]}
            onKeyDown={[Function]}
            role="button"
            tabIndex={0}
          >
            Newest
          </div>
          <input
            id="sort-by"
            name="sortBy"
            type="hidden"
            value="updatedAt-desc"
          />
          <svg
            aria-hidden="true"
            className="MuiSvgIcon-root-141 MuiSelect-icon-110"
            focusable="false"
            role="presentation"
            viewBox="0 0 24 24"
          >
            <path
              d="M7 10l5 5 5-5z"
            />
          </svg>
        </div>
      </div>
    </div>
  </div>,
  <div
    className="inject-ProductGridEmptyMessage-with-routingStore-root-155"
  >
    <p
      className="MuiTypography-root-158 MuiTypography-body2-166 MuiTypography-paragraph-186 inject-ProductGridEmptyMessage-with-routingStore-notFoundMessage-157"
    >
      Sorry! We couldn't find what you're looking for.
    </p>
    <p
      className="MuiTypography-root-158 MuiTypography-body2-166 inject-ProductGridEmptyMessage-with-routingStore-actionMessage-156"
    >
      <a
        className="SkLink-anchor-194"
        href="tag/test-tag"
        onClick={[Function]}
        onKeyDown={[Function]}
        role="link"
        tabIndex={0}
      >
        Clear filters
      </a>
    </p>
  </div>,
]
`;

exports[`basic snapshot 1`] = `
Array [
  <div
    className="MuiGrid-container-2 MuiGrid-spacing-xs-8-24 SkProductGrid-filters-1"
  >
    <div
      className="MuiGrid-item-3"
    >
      <div
        className="MuiInputBase-root-124 MuiInput-root-111 SkSelect-input-103"
        onClick={[Function]}
      >
        <div
          className="MuiSelect-root-104"
        >
          <div
            aria-haspopup="true"
            aria-pressed="false"
            className="MuiSelect-select-105 MuiSelect-selectMenu-108 SkSelect-selectMenu-101 MuiInputBase-input-134 MuiInput-input-119"
            id="select-pageSize"
            onBlur={[Function]}
            onClick={[Function]}
            onFocus={[Function]}
            onKeyDown={[Function]}
            role="button"
            tabIndex={0}
          >
            20 Products
          </div>
          <input
            id="page-size"
            name="pageSize"
            type="hidden"
            value={20}
          />
          <svg
            aria-hidden="true"
            className="MuiSvgIcon-root-141 MuiSelect-icon-110"
            focusable="false"
            role="presentation"
            viewBox="0 0 24 24"
          >
            <path
              d="M7 10l5 5 5-5z"
            />
          </svg>
        </div>
      </div>
    </div>
    <div
      className="MuiGrid-item-3"
    >
      <div
        className="MuiInputBase-root-124 MuiInput-root-111 SkSelect-input-103"
        onClick={[Function]}
      >
        <div
          className="MuiSelect-root-104"
        >
          <div
            aria-haspopup="true"
            aria-pressed="false"
            className="MuiSelect-select-105 MuiSelect-selectMenu-108 SkSelect-selectMenu-101 MuiInputBase-input-134 MuiInput-input-119"
            id="select-sortBy"
            onBlur={[Function]}
            onClick={[Function]}
            onFocus={[Function]}
            onKeyDown={[Function]}
            role="button"
            tabIndex={0}
          >
            Newest
          </div>
          <input
            id="sort-by"
            name="sortBy"
            type="hidden"
            value="updatedAt-desc"
          />
          <svg
            aria-hidden="true"
            className="MuiSvgIcon-root-141 MuiSelect-icon-110"
            focusable="false"
            role="presentation"
            viewBox="0 0 24 24"
          >
            <path
              d="M7 10l5 5 5-5z"
            />
          </svg>
        </div>
      </div>
    </div>
  </div>,
  .c0 {
  box-sizing: border-box;
  display: -webkit-box;
  display: -webkit-flex;
  display: -ms-flexbox;
  display: flex;
  -webkit-flex-wrap: wrap;
  -ms-flex-wrap: wrap;
  flex-wrap: wrap;
  width: 100%;
}

.c1 {
  box-sizing: border-box;
  -webkit-flex-basis: 100%;
  -ms-flex-preferred-size: 100%;
  flex-basis: 100%;
  -webkit-box-flex: 0;
  -webkit-flex-grow: 0;
  -ms-flex-positive: 0;
  flex-grow: 0;
  margin: 0;
  max-width: 100%;
  padding: 12px;
}

<div
    className="MuiGrid-container-2 MuiGrid-spacing-xs-24-26"
  >
    <div
      className="c0"
    >
      <div
        className="c1"
      >
        <CatalogGridItem
          currencyCode="USD"
          onClick={[Function]}
          placeholderImageURL="/static/images/placeholder.gif"
          product={
            Object {
              "_id": "cmVhY3Rpb24vY2F0YWxvZ1Byb2R1Y3Q6am5hOTVrYTlhTmtNeXRteGg=",
              "description": "Great jacket!",
              "isBackorder": false,
              "isLowQuantity": false,
              "isSoldOut": true,
              "pricing": Array [
                Object {
                  "compareAtPrice": null,
                  "currency": Object {
                    "code": "USD",
                  },
                  "displayPrice": "$12.99 - $19.99",
                  "price": 19.99,
                },
              ],
              "primaryImage": Object {
                "URLs": Object {
                  "large": "/assets/files/Media/aHEWna7yeBvNFM9bL/large/25580_CICN.jpg",
                  "medium": "/assets/files/Media/aHEWna7yeBvNFM9bL/medium/25580_CICN.jpg",
                  "small": "/assets/files/Media/aHEWna7yeBvNFM9bL/small/25580_CICN.png",
                  "thumbnail": "/assets/files/Media/aHEWna7yeBvNFM9bL/thumbnail/25580_CICN.png",
                },
                "priority": 0,
                "productId": "cmVhY3Rpb24vcHJvZHVjdDpqbmE5NWthOWFOa015dG14aA==",
              },
              "slug": "men's-lightweigth-synchilla",
              "title": "Men's Lightweigth Synchilla",
              "vendor": "Patagonia",
            }
          }
        />
      </div>
      <div
        className="c1"
      >
        <CatalogGridItem
          currencyCode="USD"
          onClick={[Function]}
          placeholderImageURL="/static/images/placeholder.gif"
          product={
            Object {
              "_id": "cmVhY3Rpb24vY2F0YWxvZ1Byb2R1Y3Q6QkNUTVo2SFR4RlNwcEpFU2s=",
              "description": "Sign in as administrator to edit.
You can clone this product from the product grid.
You can upload images click or drag in image box on the left here.
Tag this product below, and then add tag in navigation.
Click the bookmark in the tag to set product url.
Option variants, price, quantity, and child variants are created by clicking on the variant below, clone the variant to add more options.
Details can be added below the image for more specific product information.
 Login next to the cart, and then click the dashboard icon for more tools.",
              "isBackorder": false,
              "isLowQuantity": false,
              "isSoldOut": false,
              "pricing": Array [
                Object {
                  "compareAtPrice": null,
                  "currency": Object {
                    "code": "USD",
                  },
                  "displayPrice": "$12.99 - $19.99",
                  "price": 19.99,
                },
              ],
              "primaryImage": Object {
                "URLs": Object {
                  "large": "/assets/files/Media/mmY4m9gwPK2uFEZ8w/large/product_image.jpg",
                  "medium": "/assets/files/Media/mmY4m9gwPK2uFEZ8w/medium/product_image.jpg",
                  "small": "/assets/files/Media/mmY4m9gwPK2uFEZ8w/small/product_image.png",
                  "thumbnail": "/assets/files/Media/mmY4m9gwPK2uFEZ8w/thumbnail/product_image.png",
                },
                "priority": 0,
                "productId": "cmVhY3Rpb24vcHJvZHVjdDpCQ1RNWjZIVHhGU3BwSkVTaw==",
              },
              "slug": "example-product",
              "title": "Basic Reaction Product",
              "vendor": "Reaction Commerce",
            }
          }
        />
      </div>
    </div>
  </div>,
  .c0 {
  -webkit-font-smoothing: antialiased;
  -webkit-align-items: center;
  -webkit-box-align: center;
  -ms-flex-align: center;
  align-items: center;
  background-color: #5e7480;
  border-color: #5e7480;
  border-style: solid;
  border-width: 1px;
  border-radius: 2px;
  box-sizing: border-box;
  color: #ffffff;
  cursor: pointer;
  display: -webkit-inline-box;
  display: -webkit-inline-flex;
  display: -ms-inline-flexbox;
  display: inline-flex;
  font-family: "Source Sans Pro","Helvetica Neue",Helvetica,sans-serif;
  -webkit-box-pack: center;
  -webkit-justify-content: center;
  -ms-flex-pack: center;
  justify-content: center;
  margin: 0;
  min-width: 100px;
  outline: none;
  padding-left: 20px;
  padding-right: 20px;
  padding-top: 10px;
  padding-bottom: 10px;
  position: relative;
  text-align: center;
  -webkit-user-select: none;
  -moz-user-select: none;
  -ms-user-select: none;
  user-select: none;
  width: -webkit-fit-content;
  width: -moz-fit-content;
  width: fit-content;
}

.c0:hover {
  background-color: #5d8fa9;
  border-color: #5d8fa9;
  color: #ffffff;
}

.c0:active {
  background-color: #3b5c70;
  border-color: #3b5c70;
  color: #ffffff;
}

.c1 {
  display: -webkit-box;
  display: -webkit-flex;
  display: -ms-flexbox;
  display: flex;
  overflow: hidden;
  padding-left: 20px;
  -webkit-transition: width 0.2s ease-out 0s,padding-left 0.2s ease-out 0s,opacity 0.2s ease-out 0.2s;
  transition: width 0.2s ease-out 0s,padding-left 0.2s ease-out 0s,opacity 0.2s ease-out 0.2s;
}

.c1 svg path,
.c1 svg rect {
  fill: #ffffff;
}

<div
    className="MuiGrid-container-2 MuiGrid-justify-xs-space-between-21 SkPageStepper-root-154"
  >
    <div
      className="MuiGrid-item-3"
    >
      <div
        className="c0"
        onClick={[Function]}
        onKeyPress={[Function]}
        role="button"
        tabIndex={0}
      >
        <div>
          Previous
        </div>
        <div
          className="c1"
          style={
            Object {
              "opacity": 0,
              "paddingLeft": 0,
              "width": 0,
            }
          }
        />
      </div>
    </div>
    <div
      className="MuiGrid-item-3"
    />
  </div>,
]
`;
