// Jest Snapshot v1, https://goo.gl/fbAQLP

exports[`NavItemsMenuMobile Should match the snapshot 1`] = `
.c0 svg {
  height: 25px;
  width: 25px;
}

.c1 {
  height: 80px;
  padding: 0px 30px;
}

.c1 svg {
  margin-left: -5px;
}

.c2 {
  font-size: 16px;
  margin-left: 15px;
}

.c3 {
  margin-bottom: 15px;
  padding: 0px;
}

.c3 a {
  display: -webkit-box;
  display: -webkit-flex;
  display: -ms-flexbox;
  display: flex;
  -webkit-box-pack: justify;
  -webkit-justify-content: space-between;
  -ms-flex-pack: justify;
  justify-content: space-between;
  -webkit-align-items: center;
  -webkit-box-align: center;
  -ms-flex-align: center;
  align-items: center;
  width: 100%;
  height: 41px;
  font-size: 16px;
  color: #4f4d4d;
  outline: none;
  padding: 0px 30px;
}

.c3 a svg {
  margin-right: -5px;
}

<nav
  className="c0"
>
  <button
    className="c1"
    id="close-menu"
  >
    <svg
      aria-hidden="true"
      className="MuiSvgIcon-root-1"
      focusable="false"
      role="presentation"
      viewBox="0 0 24 24"
    >
      <path
        d="M14,7L9,12L14,17V7Z"
      />
    </svg>
    <span
      className="c2"
    >
      VOLTAR
    </span>
  </button>
  <div
    className="c3"
  >
    <a
      className="SkLink-anchor-10"
      href="/"
      onClick={[Function]}
      onKeyDown={[Function]}
      role="link"
      tabIndex={0}
    >
      Link
      <svg
        aria-hidden="true"
        className="MuiSvgIcon-root-1"
        focusable="false"
        role="presentation"
        viewBox="0 0 24 24"
      >
        <path
          d="M10,17L15,12L10,7V17Z"
        />
      </svg>
    </a>
  </div>
  <div
    className="c3"
  >
    <a
      className="SkLink-anchor-10"
      href="/"
      onClick={[Function]}
      onKeyDown={[Function]}
      role="link"
      tabIndex={0}
    >
      Link
      <svg
        aria-hidden="true"
        className="MuiSvgIcon-root-1"
        focusable="false"
        role="presentation"
        viewBox="0 0 24 24"
      >
        <path
          d="M10,17L15,12L10,7V17Z"
        />
      </svg>
    </a>
  </div>
  <div
    className="c3"
  >
    <a
      className="SkLink-anchor-10"
      href="/"
      onClick={[Function]}
      onKeyDown={[Function]}
      role="link"
      tabIndex={0}
    >
      Link
      <svg
        aria-hidden="true"
        className="MuiSvgIcon-root-1"
        focusable="false"
        role="presentation"
        viewBox="0 0 24 24"
      >
        <path
          d="M10,17L15,12L10,7V17Z"
        />
      </svg>
    </a>
  </div>
  <div
    className="c3"
  >
    <a
      className="SkLink-anchor-10"
      href="/"
      onClick={[Function]}
      onKeyDown={[Function]}
      role="link"
      tabIndex={0}
    >
      Link
      <svg
        aria-hidden="true"
        className="MuiSvgIcon-root-1"
        focusable="false"
        role="presentation"
        viewBox="0 0 24 24"
      >
        <path
          d="M10,17L15,12L10,7V17Z"
        />
      </svg>
    </a>
  </div>
  <div
    className="c3"
  >
    <a
      className="SkLink-anchor-10"
      href="/"
      onClick={[Function]}
      onKeyDown={[Function]}
      role="link"
      tabIndex={0}
    >
      Link
      <svg
        aria-hidden="true"
        className="MuiSvgIcon-root-1"
        focusable="false"
        role="presentation"
        viewBox="0 0 24 24"
      >
        <path
          d="M10,17L15,12L10,7V17Z"
        />
      </svg>
    </a>
  </div>
</nav>
`;
