// Jest Snapshot v1, https://goo.gl/fbAQLP

exports[`NavigationMobile Should match the snapshot 1`] = `null`;
