// Jest Snapshot v1, https://goo.gl/fbAQLP

exports[`basic snapshot 1`] = `
<div>
  <button
    className="MuiButtonBase-root-11 MuiIconButton-root-5 MuiIconButton-colorInherit-6"
    disabled={false}
    onBlur={[Function]}
    onClick={[Function]}
    onFocus={[Function]}
    onKeyDown={[Function]}
    onKeyUp={[Function]}
    onMouseDown={[Function]}
    onMouseEnter={[Function]}
    onMouseLeave={[Function]}
    onMouseUp={[Function]}
    onTouchEnd={[Function]}
    onTouchMove={[Function]}
    onTouchStart={[Function]}
    tabIndex="0"
    type="button"
  >
    <span
      className="MuiIconButton-label-10"
    >
      <svg
        aria-hidden="true"
        className="MuiSvgIcon-root-14"
        color={undefined}
        focusable="false"
        role="presentation"
        viewBox="0 0 24 24"
      >
        <path
          d="M17,18C15.89,18 15,18.89 15,20C15,21.1 15.9,22 17,22C18.1,22 19,21.1 19,20C19,18.89 18.1,18 17,18M1,2V4H3L6.6,11.59L5.24,14.04C5.09,14.32 5,14.65 5,15C5,16.1 5.9,17 7,17H19V15H7.42C7.28,15 7.17,14.89 7.17,14.75C7.17,14.7 7.18,14.66 7.2,14.63L8.1,13H15.55C16.3,13 16.96,12.58 17.3,11.97L20.88,5.5C20.95,5.34 21,5.17 21,5C21,4.45 20.55,4 20,4H5.21L4.27,2M7,18C5.89,18 5,18.89 5,20C5,21.1 5.9,22 7,22C8.1,22 9,21.1 9,20C9,18.89 8.1,18 7,18Z"
        />
      </svg>
    </span>
  </button>
</div>
`;
