// Jest Snapshot v1, https://goo.gl/fbAQLP

exports[`basic snapshot 1`] = `
<div
  className="MuiGrid-container-3 MuiGrid-spacing-xs-40-29"
>
  <div
    className="MuiGrid-item-4 MuiGrid-grid-xs-12-43 SkProductDetail-breadcrumbGrid-2"
  >
    <div
      className="SkBreadcrumbs-container-238"
    >
      <a
        className="SkLink-anchor-241"
        href="/"
        onClick={[Function]}
        onKeyDown={[Function]}
        role="link"
        tabIndex={0}
      >
        <span
          className="SkBreadcrumbs-breadcrumbLink-239"
        >
          Home
        </span>
      </a>
      <svg
        aria-hidden="true"
        className="MuiSvgIcon-root-206 SkBreadcrumbs-breadcrumbIcon-240"
        color={undefined}
        focusable="false"
        role="presentation"
        viewBox="0 0 24 24"
      >
        <path
          d="M8.59,16.58L13.17,12L8.59,7.41L10,6L16,12L10,18L8.59,16.58Z"
        />
      </svg>
      <a
        className="SkLink-anchor-241"
        href="/tag/tag-a"
        onClick={[Function]}
        onKeyDown={[Function]}
        role="link"
        tabIndex={0}
      >
        <span
          className="SkBreadcrumbs-breadcrumbLink-239"
        >
          Tag A
        </span>
      </a>
      <svg
        aria-hidden="true"
        className="MuiSvgIcon-root-206 SkBreadcrumbs-breadcrumbIcon-240"
        color={undefined}
        focusable="false"
        role="presentation"
        viewBox="0 0 24 24"
      >
        <path
          d="M8.59,16.58L13.17,12L8.59,7.41L10,6L16,12L10,18L8.59,16.58Z"
        />
      </svg>
      <a
        className="SkLink-anchor-241"
        href="/product/example-product"
        onClick={[Function]}
        onKeyDown={[Function]}
        role="link"
        tabIndex={0}
      >
        <span
          className="SkBreadcrumbs-breadcrumbLink-239"
        >
          Reaction Sample Product
        </span>
      </a>
    </div>
  </div>
  <div
    className="MuiGrid-item-4 MuiGrid-grid-xs-12-43 MuiGrid-grid-sm-6-51"
  >
    <div
      className="SkProductDetail-section-1"
    >
      <div
        className="MuiGrid-container-3 SkMediaGallery-root-100"
      >
        <div
          className="MuiGrid-item-4 MuiGrid-grid-xs-12-43 MuiGrid-grid-sm-12-57"
        >
          <div
            className="SkMediaGallery-featured-101"
          >
            <div
              className="SkImg-imgWrapper-103 "
            >
              <img
                alt=""
                className="SkImg-img-105 SkImg-imgLoading-107 "
                src="/resources/placeholder.gif"
              />
            </div>
          </div>
          <div
            className="MuiGrid-container-3 MuiGrid-spacing-xs-8-25"
          >
            <div
              className="MuiGrid-item-4 MuiGrid-grid-xs-3-34 MuiGrid-grid-sm-2-47"
            >
              <button
                className="MuiButtonBase-root-110 SkMediaGalleryItem-root-109"
                disabled={undefined}
                onBlur={[Function]}
                onClick={[Function]}
                onFocus={[Function]}
                onKeyDown={[Function]}
                onKeyUp={[Function]}
                onMouseDown={[Function]}
                onMouseLeave={[Function]}
                onMouseUp={[Function]}
                onTouchEnd={[Function]}
                onTouchMove={[Function]}
                onTouchStart={[Function]}
                tabIndex="0"
                type="button"
              >
                <div
                  className="SkImg-imgWrapper-103 "
                >
                  <img
                    alt=""
                    className="SkImg-img-105 SkImg-imgLoading-107 "
                    src="/resources/placeholder.gif"
                  />
                </div>
                <span
                  className="MuiTouchRipple-root-113"
                />
              </button>
            </div>
            <div
              className="MuiGrid-item-4 MuiGrid-grid-xs-3-34 MuiGrid-grid-sm-2-47"
            >
              <button
                className="MuiButtonBase-root-110 SkMediaGalleryItem-root-109"
                disabled={undefined}
                onBlur={[Function]}
                onClick={[Function]}
                onFocus={[Function]}
                onKeyDown={[Function]}
                onKeyUp={[Function]}
                onMouseDown={[Function]}
                onMouseLeave={[Function]}
                onMouseUp={[Function]}
                onTouchEnd={[Function]}
                onTouchMove={[Function]}
                onTouchStart={[Function]}
                tabIndex="0"
                type="button"
              >
                <div
                  className="SkImg-imgWrapper-103 "
                >
                  <img
                    alt=""
                    className="SkImg-img-105 SkImg-imgLoading-107 "
                    src="/resources/placeholder.gif"
                  />
                </div>
                <span
                  className="MuiTouchRipple-root-113"
                />
              </button>
            </div>
            <div
              className="MuiGrid-item-4 MuiGrid-grid-xs-3-34 MuiGrid-grid-sm-2-47"
            >
              <button
                className="MuiButtonBase-root-110 SkMediaGalleryItem-root-109"
                disabled={undefined}
                onBlur={[Function]}
                onClick={[Function]}
                onFocus={[Function]}
                onKeyDown={[Function]}
                onKeyUp={[Function]}
                onMouseDown={[Function]}
                onMouseLeave={[Function]}
                onMouseUp={[Function]}
                onTouchEnd={[Function]}
                onTouchMove={[Function]}
                onTouchStart={[Function]}
                tabIndex="0"
                type="button"
              >
                <div
                  className="SkImg-imgWrapper-103 "
                >
                  <img
                    alt=""
                    className="SkImg-img-105 SkImg-imgLoading-107 "
                    src="/resources/placeholder.gif"
                  />
                </div>
                <span
                  className="MuiTouchRipple-root-113"
                />
              </button>
            </div>
            <div
              className="MuiGrid-item-4 MuiGrid-grid-xs-3-34 MuiGrid-grid-sm-2-47"
            >
              <button
                className="MuiButtonBase-root-110 SkMediaGalleryItem-root-109"
                disabled={undefined}
                onBlur={[Function]}
                onClick={[Function]}
                onFocus={[Function]}
                onKeyDown={[Function]}
                onKeyUp={[Function]}
                onMouseDown={[Function]}
                onMouseLeave={[Function]}
                onMouseUp={[Function]}
                onTouchEnd={[Function]}
                onTouchMove={[Function]}
                onTouchStart={[Function]}
                tabIndex="0"
                type="button"
              >
                <div
                  className="SkImg-imgWrapper-103 "
                >
                  <img
                    alt=""
                    className="SkImg-img-105 SkImg-imgLoading-107 "
                    src="/resources/placeholder.gif"
                  />
                </div>
                <span
                  className="MuiTouchRipple-root-113"
                />
              </button>
            </div>
            <div
              className="MuiGrid-item-4 MuiGrid-grid-xs-3-34 MuiGrid-grid-sm-2-47"
            >
              <button
                className="MuiButtonBase-root-110 SkMediaGalleryItem-root-109"
                disabled={undefined}
                onBlur={[Function]}
                onClick={[Function]}
                onFocus={[Function]}
                onKeyDown={[Function]}
                onKeyUp={[Function]}
                onMouseDown={[Function]}
                onMouseLeave={[Function]}
                onMouseUp={[Function]}
                onTouchEnd={[Function]}
                onTouchMove={[Function]}
                onTouchStart={[Function]}
                tabIndex="0"
                type="button"
              >
                <div
                  className="SkImg-imgWrapper-103 "
                >
                  <img
                    alt=""
                    className="SkImg-img-105 SkImg-imgLoading-107 "
                    src="/resources/placeholder.gif"
                  />
                </div>
                <span
                  className="MuiTouchRipple-root-113"
                />
              </button>
            </div>
            <div
              className="MuiGrid-item-4 MuiGrid-grid-xs-3-34 MuiGrid-grid-sm-2-47"
            >
              <button
                className="MuiButtonBase-root-110 SkMediaGalleryItem-root-109"
                disabled={undefined}
                onBlur={[Function]}
                onClick={[Function]}
                onFocus={[Function]}
                onKeyDown={[Function]}
                onKeyUp={[Function]}
                onMouseDown={[Function]}
                onMouseLeave={[Function]}
                onMouseUp={[Function]}
                onTouchEnd={[Function]}
                onTouchMove={[Function]}
                onTouchStart={[Function]}
                tabIndex="0"
                type="button"
              >
                <div
                  className="SkImg-imgWrapper-103 "
                >
                  <img
                    alt=""
                    className="SkImg-img-105 SkImg-imgLoading-107 "
                    src="/resources/placeholder.gif"
                  />
                </div>
                <span
                  className="MuiTouchRipple-root-113"
                />
              </button>
            </div>
            <div
              className="MuiGrid-item-4 MuiGrid-grid-xs-3-34 MuiGrid-grid-sm-2-47"
            >
              <button
                className="MuiButtonBase-root-110 SkMediaGalleryItem-root-109"
                disabled={undefined}
                onBlur={[Function]}
                onClick={[Function]}
                onFocus={[Function]}
                onKeyDown={[Function]}
                onKeyUp={[Function]}
                onMouseDown={[Function]}
                onMouseLeave={[Function]}
                onMouseUp={[Function]}
                onTouchEnd={[Function]}
                onTouchMove={[Function]}
                onTouchStart={[Function]}
                tabIndex="0"
                type="button"
              >
                <div
                  className="SkImg-imgWrapper-103 "
                >
                  <img
                    alt=""
                    className="SkImg-img-105 SkImg-imgLoading-107 "
                    src="/resources/placeholder.gif"
                  />
                </div>
                <span
                  className="MuiTouchRipple-root-113"
                />
              </button>
            </div>
            <div
              className="MuiGrid-item-4 MuiGrid-grid-xs-3-34 MuiGrid-grid-sm-2-47"
            >
              <button
                className="MuiButtonBase-root-110 SkMediaGalleryItem-root-109"
                disabled={undefined}
                onBlur={[Function]}
                onClick={[Function]}
                onFocus={[Function]}
                onKeyDown={[Function]}
                onKeyUp={[Function]}
                onMouseDown={[Function]}
                onMouseLeave={[Function]}
                onMouseUp={[Function]}
                onTouchEnd={[Function]}
                onTouchMove={[Function]}
                onTouchStart={[Function]}
                tabIndex="0"
                type="button"
              >
                <div
                  className="SkImg-imgWrapper-103 "
                >
                  <img
                    alt=""
                    className="SkImg-img-105 SkImg-imgLoading-107 "
                    src="/resources/placeholder.gif"
                  />
                </div>
                <span
                  className="MuiTouchRipple-root-113"
                />
              </button>
            </div>
          </div>
        </div>
      </div>
    </div>
    <div
      className="SkProductDetail-section-1"
    >
      <section>
        <h2
          className="MuiTypography-root-120 MuiTypography-title-126 SkTagGrid-title-242"
        >
          Tags
        </h2>
        <div
          className="MuiGrid-container-3 MuiGrid-spacing-xs-8-25"
        >
          <div
            className="MuiGrid-item-4"
          >
            <a
              className="SkLink-anchor-241"
              href="/tag/shoes"
              onClick={[Function]}
              onKeyDown={[Function]}
              role="link"
              tabIndex={0}
            >
              <div
                className="MuiChip-root-244 SkTagGrid-chip-243"
                onClick={undefined}
                onKeyDown={[Function]}
                onKeyUp={[Function]}
                role="button"
                tabIndex={-1}
              >
                <span
                  className="MuiChip-label-263"
                >
                  Shoes
                </span>
              </div>
            </a>
          </div>
          <div
            className="MuiGrid-item-4"
          >
            <a
              className="SkLink-anchor-241"
              href="/tag/shop"
              onClick={[Function]}
              onKeyDown={[Function]}
              role="link"
              tabIndex={0}
            >
              <div
                className="MuiChip-root-244 SkTagGrid-chip-243"
                onClick={undefined}
                onKeyDown={[Function]}
                onKeyUp={[Function]}
                role="button"
                tabIndex={-1}
              >
                <span
                  className="MuiChip-label-263"
                >
                  Shop
                </span>
              </div>
            </a>
          </div>
        </div>
      </section>
    </div>
  </div>
  <div
    className="MuiGrid-item-4 MuiGrid-grid-xs-12-43 MuiGrid-grid-sm-6-51"
  >
    <div
      className="MuiGrid-item-4 MuiGrid-grid-sm-12-57"
    >
      <h1
        className="MuiTypography-root-120 MuiTypography-display2-123 MuiTypography-gutterBottom-138"
      >
        Reaction Sample Product
      </h1>
    </div>
    <div
      className="MuiGrid-item-4 MuiGrid-grid-sm-12-57"
    >
      <div
        className="MuiTypography-root-120 MuiTypography-title-126 MuiTypography-gutterBottom-138"
      >
        $12.99 - $19.99
      </div>
      <p
        className="MuiTypography-root-120 MuiTypography-body1-129"
      >
        Example Manufacturer
      </p>
      <p
        className="MuiTypography-root-120 MuiTypography-body1-129"
      >
        Sign in as administrator to edit.
You can clone this product from the product grid.
You can upload images click or drag in image box on the left here.
Tag this product below, and then add tag in navigation.
Click the bookmark in the tag to set product url.
Option variants, price, quantity, and child variants are created by clicking on the variant below, clone the variant to add more options.
Details can be added below the image for more specific product information.
 Login next to the cart, and then click the dashboard icon for more tools.
      </p>
    </div>
    <div
      className="SkVariantList-variantsContainer-146"
    >
      <div
        className="SkVariantList-variantItem-147"
      >
        <button
          className="MuiButtonBase-root-110 SkVariantItem-variantButton-149 SkVariantItem-activeVariant-150"
          disabled={undefined}
          onBlur={[Function]}
          onClick={[Function]}
          onFocus={[Function]}
          onKeyDown={[Function]}
          onKeyUp={[Function]}
          onMouseDown={[Function]}
          onMouseLeave={[Function]}
          onMouseUp={[Function]}
          onTouchEnd={[Function]}
          onTouchMove={[Function]}
          onTouchStart={[Function]}
          tabIndex="0"
          type="button"
        >
          <span
            className="MuiTypography-root-120 MuiTypography-body1-129"
          >
            Sample Variant
          </span>
          <span
            className="MuiTypography-root-120 MuiTypography-body1-129"
          >
            $12.99 - $19.99
          </span>
        </button>
        <div
          className="SkVariantList-alert-148"
        >
          <div
            className="BadgeOverlay__Overlay-gvAWwt cDasYZ"
          />
        </div>
      </div>
      <div
        className="SkVariantList-variantItem-147"
      >
        <button
          className="MuiButtonBase-root-110 SkVariantItem-variantButton-149"
          disabled={undefined}
          onBlur={[Function]}
          onClick={[Function]}
          onFocus={[Function]}
          onKeyDown={[Function]}
          onKeyUp={[Function]}
          onMouseDown={[Function]}
          onMouseLeave={[Function]}
          onMouseUp={[Function]}
          onTouchEnd={[Function]}
          onTouchMove={[Function]}
          onTouchStart={[Function]}
          tabIndex="0"
          type="button"
        >
          <span
            className="MuiTypography-root-120 MuiTypography-body1-129"
          >
            Sample Variant 2
          </span>
          <span
            className="MuiTypography-root-120 MuiTypography-body1-129"
          >
            $12.99 - $19.99
          </span>
        </button>
      </div>
      <div
        className="SkDivider-container-151"
      >
        <hr
          className="SkDivider-item-153"
        />
        <span
          className="MuiTypography-root-120 MuiTypography-body1-129 SkDivider-label-152"
        >
          Available Options
        </span>
        <hr
          className="SkDivider-item-153"
        />
      </div>
      <div
        className="MuiGrid-container-3 MuiGrid-spacing-xs-8-25 SkOptionsList-root-154"
      >
        <div
          className="MuiGrid-item-4"
        >
          <button
            className="MuiButtonBase-root-110 SkProductDetailOption-optionButton-157"
            disabled={undefined}
            onBlur={[Function]}
            onClick={[Function]}
            onFocus={[Function]}
            onKeyDown={[Function]}
            onKeyUp={[Function]}
            onMouseDown={[Function]}
            onMouseLeave={[Function]}
            onMouseUp={[Function]}
            onTouchEnd={[Function]}
            onTouchMove={[Function]}
            onTouchStart={[Function]}
            tabIndex="0"
            type="button"
          >
            <span
              className="MuiTypography-root-120 MuiTypography-body1-129 SkProductDetailOption-optionText-158"
            >
              Red
            </span>
          </button>
          <div
            className="SkOptionsList-alert-155"
          >
            <div
              className="BadgeOverlay__Overlay-gvAWwt gJVwBl"
            />
          </div>
        </div>
        <div
          className="MuiGrid-item-4"
        >
          <button
            className="MuiButtonBase-root-110 SkProductDetailOption-optionButton-157"
            disabled={undefined}
            onBlur={[Function]}
            onClick={[Function]}
            onFocus={[Function]}
            onKeyDown={[Function]}
            onKeyUp={[Function]}
            onMouseDown={[Function]}
            onMouseLeave={[Function]}
            onMouseUp={[Function]}
            onTouchEnd={[Function]}
            onTouchMove={[Function]}
            onTouchStart={[Function]}
            tabIndex="0"
            type="button"
          >
            <span
              className="MuiTypography-root-120 MuiTypography-body1-129 SkProductDetailOption-optionText-158"
            >
              Green
            </span>
          </button>
        </div>
      </div>
    </div>
    <div
      className="MuiGrid-container-3"
    >
      <div
        className="MuiGrid-item-4 MuiGrid-grid-xs-12-43 SkProductDetailAddToCart-quantityGrid-164"
      >
        <div
          className="SkDivider-container-151"
        >
          <hr
            className="SkDivider-item-153"
          />
          <hr
            className="SkDivider-item-153"
          />
        </div>
        <span
          className="MuiTypography-root-120 MuiTypography-body1-129 SkProductDetailAddToCart-quantityTypography-167"
        >
          Quantity
        </span>
        <div
          aria-describedby={undefined}
          className="MuiFormControl-root-168"
        >
          <div
            className="MuiInputBase-root-185 MuiInput-root-172 SkProductDetailAddToCart-quantityContainer-163 MuiInputBase-formControl-186 MuiInput-formControl-173 MuiInputBase-adornedStart-189 MuiInputBase-adornedEnd-190"
            onClick={[Function]}
          >
            <div
              className="MuiInputAdornment-root-202"
            >
              <button
                className="MuiButtonBase-root-110 SkProductDetailAddToCart-incrementButton-162"
                color="default"
                disabled={undefined}
                onBlur={[Function]}
                onClick={[Function]}
                onFocus={[Function]}
                onKeyDown={[Function]}
                onKeyUp={[Function]}
                onMouseDown={[Function]}
                onMouseLeave={[Function]}
                onMouseUp={[Function]}
                onTouchEnd={[Function]}
                onTouchMove={[Function]}
                onTouchStart={[Function]}
                tabIndex="0"
                type="button"
                variant="outlined"
              >
                <svg
                  aria-hidden="true"
                  className="MuiSvgIcon-root-206 SkProductDetailAddToCart-quantitySvg-166"
                  color={undefined}
                  focusable="false"
                  role="presentation"
                  viewBox="0 0 24 24"
                >
                  <path
                    d="M19,13H5V11H19V13Z"
                  />
                </svg>
              </button>
            </div>
            <input
              aria-invalid={false}
              autoComplete={undefined}
              autoFocus={undefined}
              className="MuiInputBase-input-195 MuiInput-input-180 SkProductDetailAddToCart-quantityInput-165 MuiInputBase-inputAdornedStart-200 MuiInputBase-inputAdornedEnd-201"
              defaultValue={undefined}
              disabled={false}
              id="addToCartQuantityInput"
              name={undefined}
              onBlur={[Function]}
              onChange={[Function]}
              onFocus={[Function]}
              onKeyDown={undefined}
              onKeyUp={undefined}
              placeholder={undefined}
              readOnly={undefined}
              required={false}
              rows={undefined}
              type="text"
              value={1}
            />
            <div
              className="MuiInputAdornment-root-202"
            >
              <button
                className="MuiButtonBase-root-110 SkProductDetailAddToCart-incrementButton-162"
                color="default"
                disabled={undefined}
                onBlur={[Function]}
                onClick={[Function]}
                onFocus={[Function]}
                onKeyDown={[Function]}
                onKeyUp={[Function]}
                onMouseDown={[Function]}
                onMouseLeave={[Function]}
                onMouseUp={[Function]}
                onTouchEnd={[Function]}
                onTouchMove={[Function]}
                onTouchStart={[Function]}
                tabIndex="0"
                type="button"
                variant="outlined"
              >
                <svg
                  aria-hidden="true"
                  className="MuiSvgIcon-root-206 SkProductDetailAddToCart-quantitySvg-166"
                  color={undefined}
                  focusable="false"
                  role="presentation"
                  viewBox="0 0 24 24"
                >
                  <path
                    d="M19,13H13V19H11V13H5V11H11V5H13V11H19V13Z"
                  />
                </svg>
              </button>
            </div>
          </div>
        </div>
      </div>
      <div
        className="MuiGrid-item-4 MuiGrid-grid-xs-12-43"
      >
        <button
          className="MuiButtonBase-root-110 SkProductDetailAddToCart-addToCartButton-160"
          disabled={undefined}
          onBlur={[Function]}
          onClick={[Function]}
          onFocus={[Function]}
          onKeyDown={[Function]}
          onKeyUp={[Function]}
          onMouseDown={[Function]}
          onMouseLeave={[Function]}
          onMouseUp={[Function]}
          onTouchEnd={[Function]}
          onTouchMove={[Function]}
          onTouchStart={[Function]}
          tabIndex="0"
          type="button"
        >
          <span
            className="MuiTypography-root-120 MuiTypography-body1-129 SkProductDetailAddToCart-addToCartText-161"
          >
            Add to cart
          </span>
        </button>
      </div>
    </div>
    <div
      className="HiddenCss-mdUp-230"
    >
      <div
        className="SkCartPopover-container-215 SkCartPopover-isContainerHidden-217"
      >
        <div
          className="MuiGrid-container-3 MuiGrid-spacing-xs-24-27 SkCartPopover-gridContainer-216"
        >
          <div
            className="MuiGrid-item-4 MuiGrid-grid-xs-12-43 SkCartPopover-containerItem-219"
          >
            <img
              alt="Item Title"
              className="SkCartPopover-addedToCartImg-220"
              src="//placehold.it/100"
            />
            <span
              className="MuiTypography-root-120 MuiTypography-body1-129 SkCartPopover-addedToCartText-222"
            >
              10
               "
              <span
                className="SkCartPopover-addedToCartItemName-221"
              >
                Item Title
              </span>
              " added to cart
            </span>
          </div>
          <div
            className="MuiGrid-item-4 MuiGrid-grid-xs-12-43"
          >
            <div
              className="Button__ButtonDiv-bnfrK eloVkm"
              onClick={[Function]}
              onKeyPress={[Function]}
              role="button"
              tabIndex={0}
              title={undefined}
            >
              <div>
                Checkout
              </div>
              <div
                className="Button__SpinnerWrap-bgOcuM cCKgPo"
                style={
                  Object {
                    "opacity": 0,
                    "paddingLeft": 0,
                    "width": 0,
                  }
                }
              />
            </div>
          </div>
        </div>
      </div>
    </div>
  </div>
</div>
`;
